
Memory Configuration

Name             Origin             Length             Attributes
*default*        0x00000000         0xffffffff

Linker script and memory map

LOAD build/interrupts.o
LOAD build/jtag.o
LOAD build/framebuffer.o
LOAD build/arrays.o
LOAD build/sprites.o
LOAD build/snes.o
LOAD build/misc.o
LOAD build/main.o
LOAD build/animations.o
LOAD build/printing.o

.init           0x00008000        0x4
 *(.init)
 .init          0x00008000        0x4 build/main.o
                0x00008000                _start

.data           0x00009080   0x124980
 *(.data)
 .data          0x00009080       0x40 build/interrupts.o
                0x00009080                IntTable
 .data          0x000090c0        0x0 build/jtag.o
 .data          0x000090c0       0x40 build/framebuffer.o
                0x000090c0                FrameBufferInit
                0x000090f0                FrameBufferPointer
 .data          0x00009100     0x1208 build/arrays.o
                0x00009100                screen
                0x00009d00                snakeArray
                0x0000a000                stateArray
                0x0000a180                spriteArray
                0x0000a1e0                setState
                0x0000a200                getState
                0x0000a220                shiftStateArrayDown
                0x0000a250                setSnakePiecePosition
                0x0000a28c                getSnakePiecePosition
                0x0000a2c8                shiftSnakeArrayDown
 .data          0x0000a308   0x122c70 build/sprites.o
                0x0000a310                vpBlack
                0x0000ab18                doorBlack
                0x0000b320                instructionsSprite
                0x0000e094                appleBlack
                0x0000e89c                downLeft
                0x0000f0a4                downRight
                0x0000f8ac                endDown
                0x000100b4                endLeft
                0x000108bc                endRight
                0x000110c4                endUp
                0x000118cc                frontDown
                0x000120d4                frontLeft
                0x000128dc                frontRight
                0x000130e4                frontUp
                0x000138ec                horizontal
                0x000140f4                upLeft
                0x000148fc                upRight
                0x00015104                vertical
                0x0001590c                circle
                0x00016114                background
                0x0001691c                border
                0x00017124                wood
                0x0001792c                valuePackSprite
                0x00018134                black
                0x0001893c                doorSprite
                0x00019144                mainArrow
                0x0001994c                mainMenuSprite
                0x000b5348                youWinSprite
                0x000ef420                youLoseSprite
                0x001294f8                pauseMenuSprite
 .data          0x0012cf78        0x0 build/snes.o
 *fill*         0x0012cf78        0x8 3f3f3f3f
 .data          0x0012cf80      0x1a0 build/misc.o
                0x0012cf90                appleI
                0x0012cf94                appleJ
                0x0012cf98                doorI
                0x0012cf9c                doorJ
                0x0012cfa0                vpI
                0x0012cfa4                vpJ
                0x0012cfa8                vpPresent
                0x0012cfb6                startingLivesString
 .data          0x0012d120       0x90 build/main.o
                0x0012d120                score
                0x0012d124                lives
                0x0012d128                snakeLength
                0x0012d12c                doorSpawned
                0x0012d130                amountOfTimeToWait
                0x0012d134                vpKey
                0x0012d138                lostLife
                0x0012d16c                lLLength
                0x0012d16d                creatorName
                0x0012d18c                cNLength
                0x0012d18d                scoreString
                0x0012d194                sSLength
                0x0012d195                livesString
                0x0012d19c                lSLength
                0x0012d1a0                ValueAmount
                0x0012d1a4                ValueWait
 .data          0x0012d1b0        0x0 build/animations.o
 .data          0x0012d1b0      0x850 build/printing.o
                0x0012d9b8                mainMenuInstruction
                0x0012d9e8                mMILength
                0x0012d9e9                startingScore
 *.c.o(*)

.igot.plt       0x0012da00        0x0
 .igot.plt      0x00000000        0x0 build/interrupts.o

.text           0x0012da00     0x217c
 *.c.o(.text)
 *(.text)
 .text          0x0012da00        0x0 build/interrupts.o
 .text          0x0012da00       0x8c build/jtag.o
                0x0012da00                EnableJTAG
 .text          0x0012da8c       0x70 build/framebuffer.o
                0x0012da8c                InitFrameBuffer
 .text          0x0012dafc        0x0 build/arrays.o
 .text          0x0012dafc        0x0 build/sprites.o
 .text          0x0012dafc      0x3b0 build/snes.o
                0x0012dafc                identifyButtonsPressed
                0x0012dc08                readSNES
                0x0012dcc0                write_latch
                0x0012dcd8                write_clock
                0x0012dcf0                read_data
                0x0012dd04                initSNES
                0x0012dd44                init_GPIO
                0x0012dda0                writeGPIO
                0x0012de10                readGPIO
                0x0012de34                wait
                0x0012de54                divide
 .text          0x0012deac      0xd04 build/misc.o
                0x0012deac                printInstructions
                0x0012dfd0                seeIfVPFound
                0x0012e04c                spawnValuePack
                0x0012e12c                eraseDoor
                0x0012e154                seeIfDoorFound
                0x0012e19c                spawnDoor
                0x0012e260                checkForSnakeCollision
                0x0012e2b8                decrementNumberOfLives
                0x0012e320                incrementScore
                0x0012e40c                spawnApple
                0x0012e4e0                randomNum
                0x0012e54c                erraseApple
                0x0012e58c                youLost
                0x0012e5b4                youWon
                0x0012e5dc                pauseMenu
                0x0012e704                enableInterrupt
                0x0012e754                disableInterrupt
                0x0012e768                mainMenu
                0x0012e820                setMap
                0x0012ea68                initializeStartingLives
 .text          0x0012ebb0      0x354 build/main.o
                0x0012ebc4                beginning
                0x0012ebd8                start
                0x0012ee1c                quit
                0x0012ee24                haltLoop$
                0x0012ee28                hang
                0x0012ee2c                irq
                0x0012ee84                InstallIntTable
 .text          0x0012ef04      0x854 build/animations.o
                0x0012ef04                eraseSnake
                0x0012ef78                initSnake
                0x0012efa0                initTail
                0x0012efe4                initSnakeArray
                0x0012f15c                initStateArray
                0x0012f278                snakeStandardPosition
                0x0012f368                updateSnake
                0x0012f504                updateTail
                0x0012f5c4                drawBodyPiece
 .text          0x0012f758      0x424 build/printing.o
                0x0012f758                printDetails
                0x0012f7b4                printHead
                0x0012f83c                printMainMenu
                0x0012f878                printPauseMenu
                0x0012f890                writeCell
                0x0012f8b4                printCell
                0x0012f8cc                printScreen
                0x0012f910                initializeStartingScore
                0x0012f94c                coverScreen
                0x0012f988                printString
                0x0012f9d0                printSprite
                0x0012fa24                printBox
                0x0012fa70                DrawChar
                0x0012faf0                DrawPixel
OUTPUT(build/output.elf elf32-littlearm)

.glue_7         0x0012fb7c        0x0
 .glue_7        0x00000000        0x0 linker stubs

.glue_7t        0x0012fb7c        0x0
 .glue_7t       0x00000000        0x0 linker stubs

.vfp11_veneer   0x0012fb7c        0x0
 .vfp11_veneer  0x00000000        0x0 linker stubs

.v4_bx          0x0012fb7c        0x0
 .v4_bx         0x00000000        0x0 linker stubs

.iplt           0x0012fb7c        0x0
 .iplt          0x00000000        0x0 build/interrupts.o

.rel.dyn        0x0012fb7c        0x0
 .rel.iplt      0x00000000        0x0 build/interrupts.o

.bss            0x0012fb7c        0x0
 .bss           0x0012fb7c        0x0 build/interrupts.o
 .bss           0x0012fb7c        0x0 build/jtag.o
 .bss           0x0012fb7c        0x0 build/framebuffer.o
 .bss           0x0012fb7c        0x0 build/arrays.o
 .bss           0x0012fb7c        0x0 build/sprites.o
 .bss           0x0012fb7c        0x0 build/snes.o
 .bss           0x0012fb7c        0x0 build/misc.o
 .bss           0x0012fb7c        0x0 build/main.o
 .bss           0x0012fb7c        0x0 build/animations.o
 .bss           0x0012fb7c        0x0 build/printing.o

.ARM.attributes
                0x00000000       0x26
 .ARM.attributes
                0x00000000       0x26 build/interrupts.o
 .ARM.attributes
                0x00000026       0x26 build/jtag.o
 .ARM.attributes
                0x0000004c       0x26 build/framebuffer.o
 .ARM.attributes
                0x00000072       0x26 build/arrays.o
 .ARM.attributes
                0x00000098       0x26 build/sprites.o
 .ARM.attributes
                0x000000be       0x26 build/snes.o
 .ARM.attributes
                0x000000e4       0x26 build/misc.o
 .ARM.attributes
                0x0000010a       0x26 build/main.o
 .ARM.attributes
                0x00000130       0x26 build/animations.o
 .ARM.attributes
                0x00000156       0x26 build/printing.o

.debug_line     0x00000000      0xc3d
 .debug_line    0x00000000       0x4a build/interrupts.o
 .debug_line    0x0000004a       0x61 build/jtag.o
 .debug_line    0x000000ab       0x64 build/framebuffer.o
 .debug_line    0x0000010f       0x99 build/arrays.o
 .debug_line    0x000001a8      0x149 build/snes.o
 .debug_line    0x000002f1      0x3ee build/misc.o
 .debug_line    0x000006df      0x141 build/main.o
 .debug_line    0x00000820      0x294 build/animations.o
 .debug_line    0x00000ab4      0x189 build/printing.o

.debug_info     0x00000000      0x348
 .debug_info    0x00000000       0x61 build/interrupts.o
 .debug_info    0x00000061       0x5b build/jtag.o
 .debug_info    0x000000bc       0x62 build/framebuffer.o
 .debug_info    0x0000011e       0x5d build/arrays.o
 .debug_info    0x0000017b       0x5b build/snes.o
 .debug_info    0x000001d6       0x5b build/misc.o
 .debug_info    0x00000231       0x57 build/main.o
 .debug_info    0x00000288       0x61 build/animations.o
 .debug_info    0x000002e9       0x5f build/printing.o

.debug_abbrev   0x00000000       0xb2
 .debug_abbrev  0x00000000       0x14 build/interrupts.o
 .debug_abbrev  0x00000014       0x14 build/jtag.o
 .debug_abbrev  0x00000028       0x14 build/framebuffer.o
 .debug_abbrev  0x0000003c       0x14 build/arrays.o
 .debug_abbrev  0x00000050       0x14 build/snes.o
 .debug_abbrev  0x00000064       0x14 build/misc.o
 .debug_abbrev  0x00000078       0x12 build/main.o
 .debug_abbrev  0x0000008a       0x14 build/animations.o
 .debug_abbrev  0x0000009e       0x14 build/printing.o

.debug_aranges  0x00000000      0x128
 .debug_aranges
                0x00000000       0x20 build/interrupts.o
 .debug_aranges
                0x00000020       0x20 build/jtag.o
 .debug_aranges
                0x00000040       0x20 build/framebuffer.o
 .debug_aranges
                0x00000060       0x20 build/arrays.o
 .debug_aranges
                0x00000080       0x20 build/snes.o
 .debug_aranges
                0x000000a0       0x20 build/misc.o
 .debug_aranges
                0x000000c0       0x28 build/main.o
 .debug_aranges
                0x000000e8       0x20 build/animations.o
 .debug_aranges
                0x00000108       0x20 build/printing.o

.debug_ranges   0x00000000       0x20
 .debug_ranges  0x00000000       0x20 build/main.o
